Multi-Server Queue Simulation - CMPE 412

Customer size: 100

Generated Arrival Times (t=0):
Cst 1   t=   0 | Cst 2   t=   1 | Cst 3   t=   4 | Cst 4   t=   6 | Cst 5   t=   8 | Cst 6   t=   9 | Cst 7   t=  11 | Cst 8   t=  13
Cst 9   t=  14 | Cst 10  t=  17 | Cst 11  t=  18 | Cst 12  t=  21 | Cst 13  t=  25 | Cst 14  t=  26 | Cst 15  t=  30 | Cst 16  t=  32
Cst 17  t=  34 | Cst 18  t=  35 | Cst 19  t=  36 | Cst 20  t=  38 | Cst 21  t=  40 | Cst 22  t=  41 | Cst 23  t=  45 | Cst 24  t=  46
Cst 25  t=  47 | Cst 26  t=  49 | Cst 27  t=  51 | Cst 28  t=  55 | Cst 29  t=  57 | Cst 30  t=  60 | Cst 31  t=  63 | Cst 32  t=  65
Cst 33  t=  66 | Cst 34  t=  70 | Cst 35  t=  72 | Cst 36  t=  74 | Cst 37  t=  75 | Cst 38  t=  76 | Cst 39  t=  77 | Cst 40  t=  80
Cst 41  t=  82 | Cst 42  t=  85 | Cst 43  t=  86 | Cst 44  t=  88 | Cst 45  t=  89 | Cst 46  t=  92 | Cst 47  t=  94 | Cst 48  t=  95
Cst 49  t=  97 | Cst 50  t=  98 | Cst 51  t= 101 | Cst 52  t= 103 | Cst 53  t= 105 | Cst 54  t= 109 | Cst 55  t= 112 | Cst 56  t= 114
Cst 57  t= 116 | Cst 58  t= 118 | Cst 59  t= 122 | Cst 60  t= 125 | Cst 61  t= 128 | Cst 62  t= 130 | Cst 63  t= 132 | Cst 64  t= 136
Cst 65  t= 138 | Cst 66  t= 139 | Cst 67  t= 140 | Cst 68  t= 141 | Cst 69  t= 142 | Cst 70  t= 144 | Cst 71  t= 146 | Cst 72  t= 147
Cst 73  t= 148 | Cst 74  t= 149 | Cst 75  t= 152 | Cst 76  t= 155 | Cst 77  t= 157 | Cst 78  t= 161 | Cst 79  t= 164 | Cst 80  t= 168
Cst 81  t= 171 | Cst 82  t= 173 | Cst 83  t= 174 | Cst 84  t= 176 | Cst 85  t= 179 | Cst 86  t= 182 | Cst 87  t= 184 | Cst 88  t= 185
Cst 89  t= 187 | Cst 90  t= 189 | Cst 91  t= 193 | Cst 92  t= 196 | Cst 93  t= 199 | Cst 94  t= 200 | Cst 95  t= 201 | Cst 96  t= 202
Cst 97  t= 205 | Cst 98  t= 206 | Cst 99  t= 208 | Cst 100 t= 209

Service Times for Each Server

Server: sabo
---------------------------
Cst 1   s= 5 | Cst 2   s= 5 | Cst 3   s= 4 | Cst 4   s= 4 | Cst 5   s= 4 | Cst 6   s= 3 | Cst 7   s= 5 | Cst 8   s= 5
Cst 9   s= 3 | Cst 10  s= 3 | Cst 11  s= 3 | Cst 12  s= 3 | Cst 13  s= 5 | Cst 14  s= 2 | Cst 15  s= 2 | Cst 16  s= 3
Cst 17  s= 2 | Cst 18  s= 3 | Cst 19  s= 4 | Cst 20  s= 4 | Cst 21  s= 3 | Cst 22  s= 3 | Cst 23  s= 3 | Cst 24  s= 4
Cst 25  s= 3 | Cst 26  s= 4 | Cst 27  s= 5 | Cst 28  s= 3 | Cst 29  s= 5 | Cst 30  s= 3 | Cst 31  s= 3 | Cst 32  s= 4
Cst 33  s= 4 | Cst 34  s= 5 | Cst 35  s= 3 | Cst 36  s= 3 | Cst 37  s= 4 | Cst 38  s= 4 | Cst 39  s= 2 | Cst 40  s= 5
Cst 41  s= 3 | Cst 42  s= 3 | Cst 43  s= 5 | Cst 44  s= 4 | Cst 45  s= 5 | Cst 46  s= 3 | Cst 47  s= 4 | Cst 48  s= 4
Cst 49  s= 5 | Cst 50  s= 2 | Cst 51  s= 3 | Cst 52  s= 2 | Cst 53  s= 3 | Cst 54  s= 3 | Cst 55  s= 3 | Cst 56  s= 3
Cst 57  s= 4 | Cst 58  s= 5 | Cst 59  s= 2 | Cst 60  s= 3 | Cst 61  s= 4 | Cst 62  s= 3 | Cst 63  s= 3 | Cst 64  s= 3
Cst 65  s= 3 | Cst 66  s= 4 | Cst 67  s= 2 | Cst 68  s= 4 | Cst 69  s= 4 | Cst 70  s= 3 | Cst 71  s= 3 | Cst 72  s= 3
Cst 73  s= 4 | Cst 74  s= 2 | Cst 75  s= 2 | Cst 76  s= 4 | Cst 77  s= 2 | Cst 78  s= 2 | Cst 79  s= 3 | Cst 80  s= 2
Cst 81  s= 5 | Cst 82  s= 2 | Cst 83  s= 4 | Cst 84  s= 3 | Cst 85  s= 4 | Cst 86  s= 3 | Cst 87  s= 2 | Cst 88  s= 5
Cst 89  s= 4 | Cst 90  s= 5 | Cst 91  s= 3 | Cst 92  s= 2 | Cst 93  s= 3 | Cst 94  s= 3 | Cst 95  s= 3 | Cst 96  s= 4
Cst 97  s= 3 | Cst 98  s= 5 | Cst 99  s= 3 | Cst 100 s= 4

Server: pepe
---------------------------
Cst 1   s= 4 | Cst 2   s= 3 | Cst 3   s= 3 | Cst 4   s= 3 | Cst 5   s= 2 | Cst 6   s= 3 | Cst 7   s= 3 | Cst 8   s= 2
Cst 9   s= 5 | Cst 10  s= 3 | Cst 11  s= 3 | Cst 12  s= 4 | Cst 13  s= 3 | Cst 14  s= 2 | Cst 15  s= 2 | Cst 16  s= 3
Cst 17  s= 2 | Cst 18  s= 3 | Cst 19  s= 4 | Cst 20  s= 3 | Cst 21  s= 2 | Cst 22  s= 3 | Cst 23  s= 5 | Cst 24  s= 2
Cst 25  s= 3 | Cst 26  s= 2 | Cst 27  s= 3 | Cst 28  s= 3 | Cst 29  s= 2 | Cst 30  s= 3 | Cst 31  s= 3 | Cst 32  s= 3
Cst 33  s= 2 | Cst 34  s= 2 | Cst 35  s= 2 | Cst 36  s= 2 | Cst 37  s= 3 | Cst 38  s= 3 | Cst 39  s= 2 | Cst 40  s= 2
Cst 41  s= 2 | Cst 42  s= 3 | Cst 43  s= 4 | Cst 44  s= 2 | Cst 45  s= 5 | Cst 46  s= 2 | Cst 47  s= 5 | Cst 48  s= 3
Cst 49  s= 2 | Cst 50  s= 3 | Cst 51  s= 3 | Cst 52  s= 3 | Cst 53  s= 3 | Cst 54  s= 3 | Cst 55  s= 3 | Cst 56  s= 3
Cst 57  s= 2 | Cst 58  s= 3 | Cst 59  s= 2 | Cst 60  s= 4 | Cst 61  s= 3 | Cst 62  s= 5 | Cst 63  s= 3 | Cst 64  s= 4
Cst 65  s= 4 | Cst 66  s= 2 | Cst 67  s= 3 | Cst 68  s= 3 | Cst 69  s= 4 | Cst 70  s= 3 | Cst 71  s= 2 | Cst 72  s= 4
Cst 73  s= 4 | Cst 74  s= 3 | Cst 75  s= 2 | Cst 76  s= 5 | Cst 77  s= 3 | Cst 78  s= 3 | Cst 79  s= 4 | Cst 80  s= 3
Cst 81  s= 4 | Cst 82  s= 2 | Cst 83  s= 3 | Cst 84  s= 3 | Cst 85  s= 2 | Cst 86  s= 2 | Cst 87  s= 5 | Cst 88  s= 3
Cst 89  s= 2 | Cst 90  s= 5 | Cst 91  s= 5 | Cst 92  s= 3 | Cst 93  s= 4 | Cst 94  s= 2 | Cst 95  s= 2 | Cst 96  s= 4
Cst 97  s= 4 | Cst 98  s= 4 | Cst 99  s= 3 | Cst 100 s= 4



--- SIMULATION STARTING ---
  [SETUP] FEL initialized with 100 ARRIVAL events.
  [SETUP] All 2 servers initialized as IDLE.

--- [CLOCK: 0] ---
  ARRIVAL:   Customer 1 arrived at t=0.

--- [CLOCK: 1] ---
  ARRIVAL:   Customer 2 arrived at t=1.

--- [CLOCK: 2] ---
  (No events scheduled, queue is empty.)

--- [CLOCK: 3] ---
  (No events scheduled, queue is empty.)

--- [CLOCK: 4] ---
  DEPARTURE: Customer 1 finished service at server 'pepe'.
  ARRIVAL:   Customer 3 arrived at t=4.

--- [CLOCK: 5] ---
  (No events scheduled, queue is empty.)

--- [CLOCK: 6] ---
  DEPARTURE: Customer 2 finished service at server 'sabo'.
  ARRIVAL:   Customer 4 arrived at t=6.

--- [CLOCK: 7] ---
  DEPARTURE: Customer 3 finished service at server 'pepe'.

--- [CLOCK: 8] ---
  ARRIVAL:   Customer 5 arrived at t=8.

--- [CLOCK: 9] ---
  ARRIVAL:   Customer 6 arrived at t=9.

--- [CLOCK: 10] ---
  DEPARTURE: Customer 5 finished service at server 'pepe'.
  DEPARTURE: Customer 4 finished service at server 'sabo'.
  QUEUE->SERVER: Customer 6 (waited 1 min) assigned to (Best fit) server 'pepe'. Service time: 3 min. (Finishes at t=13)

--- [CLOCK: 11] ---
  ARRIVAL:   Customer 7 arrived at t=11.

--- [CLOCK: 12] ---
  (No events scheduled, queue is empty.)

--- [CLOCK: 13] ---
  DEPARTURE: Customer 6 finished service at server 'pepe'.
  ARRIVAL:   Customer 8 arrived at t=13.

--- [CLOCK: 14] ---
  ARRIVAL:   Customer 9 arrived at t=14.

--- [CLOCK: 15] ---
  DEPARTURE: Customer 8 finished service at server 'pepe'.
  QUEUE->SERVER: Customer 9 (waited 1 min) assigned to (Best fit) server 'pepe'. Service time: 5 min. (Finishes at t=20)

--- [CLOCK: 16] ---
  DEPARTURE: Customer 7 finished service at server 'sabo'.

--- [CLOCK: 17] ---
  ARRIVAL:   Customer 10 arrived at t=17.

--- [CLOCK: 18] ---
  ARRIVAL:   Customer 11 arrived at t=18.

--- [CLOCK: 19] ---

--- [CLOCK: 20] ---
  DEPARTURE: Customer 10 finished service at server 'sabo'.
  DEPARTURE: Customer 9 finished service at server 'pepe'.
  QUEUE->SERVER: Customer 11 (waited 2 min) assigned to (Best fit) server 'pepe'. Service time: 3 min. (Finishes at t=23)

--- [CLOCK: 21] ---
  ARRIVAL:   Customer 12 arrived at t=21.

--- [CLOCK: 22] ---
  (No events scheduled, queue is empty.)

--- [CLOCK: 23] ---
  DEPARTURE: Customer 11 finished service at server 'pepe'.

--- [CLOCK: 24] ---
  DEPARTURE: Customer 12 finished service at server 'sabo'.

--- [CLOCK: 25] ---
  ARRIVAL:   Customer 13 arrived at t=25.

--- [CLOCK: 26] ---
  ARRIVAL:   Customer 14 arrived at t=26.

--- [CLOCK: 27] ---
  (No events scheduled, queue is empty.)

--- [CLOCK: 28] ---
  DEPARTURE: Customer 14 finished service at server 'sabo'.
  DEPARTURE: Customer 13 finished service at server 'pepe'.

--- [CLOCK: 29] ---
  (No events scheduled, queue is empty.)

--- [CLOCK: 30] ---
  ARRIVAL:   Customer 15 arrived at t=30.

--- [CLOCK: 31] ---
  (No events scheduled, queue is empty.)

--- [CLOCK: 32] ---
  DEPARTURE: Customer 15 finished service at server 'pepe'.
  ARRIVAL:   Customer 16 arrived at t=32.

--- [CLOCK: 33] ---
  (No events scheduled, queue is empty.)

--- [CLOCK: 34] ---
  ARRIVAL:   Customer 17 arrived at t=34.

--- [CLOCK: 35] ---
  DEPARTURE: Customer 16 finished service at server 'pepe'.
  ARRIVAL:   Customer 18 arrived at t=35.

--- [CLOCK: 36] ---
  DEPARTURE: Customer 17 finished service at server 'sabo'.
  ARRIVAL:   Customer 19 arrived at t=36.

--- [CLOCK: 37] ---
  (No events scheduled, queue is empty.)

--- [CLOCK: 38] ---
  DEPARTURE: Customer 18 finished service at server 'pepe'.
  ARRIVAL:   Customer 20 arrived at t=38.

--- [CLOCK: 39] ---
  (No events scheduled, queue is empty.)

--- [CLOCK: 40] ---
  DEPARTURE: Customer 19 finished service at server 'sabo'.
  ARRIVAL:   Customer 21 arrived at t=40.

--- [CLOCK: 41] ---
  DEPARTURE: Customer 20 finished service at server 'pepe'.
  ARRIVAL:   Customer 22 arrived at t=41.

--- [CLOCK: 42] ---
  (No events scheduled, queue is empty.)

--- [CLOCK: 43] ---
  DEPARTURE: Customer 21 finished service at server 'sabo'.

--- [CLOCK: 44] ---
  DEPARTURE: Customer 22 finished service at server 'pepe'.

--- [CLOCK: 45] ---
  ARRIVAL:   Customer 23 arrived at t=45.

--- [CLOCK: 46] ---
  ARRIVAL:   Customer 24 arrived at t=46.

--- [CLOCK: 47] ---
  ARRIVAL:   Customer 25 arrived at t=47.

--- [CLOCK: 48] ---
  DEPARTURE: Customer 24 finished service at server 'pepe'.
  DEPARTURE: Customer 23 finished service at server 'sabo'.
  QUEUE->SERVER: Customer 25 (waited 1 min) assigned to (Best fit) server 'pepe'. Service time: 3 min. (Finishes at t=51)

--- [CLOCK: 49] ---
  ARRIVAL:   Customer 26 arrived at t=49.

--- [CLOCK: 50] ---
  (No events scheduled, queue is empty.)

--- [CLOCK: 51] ---
  DEPARTURE: Customer 25 finished service at server 'pepe'.
  ARRIVAL:   Customer 27 arrived at t=51.

--- [CLOCK: 52] ---
  (No events scheduled, queue is empty.)

--- [CLOCK: 53] ---
  DEPARTURE: Customer 26 finished service at server 'sabo'.

--- [CLOCK: 54] ---
  DEPARTURE: Customer 27 finished service at server 'pepe'.

--- [CLOCK: 55] ---
  ARRIVAL:   Customer 28 arrived at t=55.

--- [CLOCK: 56] ---
  (No events scheduled, queue is empty.)

--- [CLOCK: 57] ---
  ARRIVAL:   Customer 29 arrived at t=57.

--- [CLOCK: 58] ---
  DEPARTURE: Customer 28 finished service at server 'pepe'.

--- [CLOCK: 59] ---
  (No events scheduled, queue is empty.)

--- [CLOCK: 60] ---
  ARRIVAL:   Customer 30 arrived at t=60.

--- [CLOCK: 61] ---
  (No events scheduled, queue is empty.)

--- [CLOCK: 62] ---
  DEPARTURE: Customer 29 finished service at server 'sabo'.

--- [CLOCK: 63] ---
  DEPARTURE: Customer 30 finished service at server 'pepe'.
  ARRIVAL:   Customer 31 arrived at t=63.

--- [CLOCK: 64] ---
  (No events scheduled, queue is empty.)

--- [CLOCK: 65] ---
  ARRIVAL:   Customer 32 arrived at t=65.

--- [CLOCK: 66] ---
  DEPARTURE: Customer 31 finished service at server 'pepe'.
  ARRIVAL:   Customer 33 arrived at t=66.

--- [CLOCK: 67] ---
  (No events scheduled, queue is empty.)

--- [CLOCK: 68] ---
  DEPARTURE: Customer 33 finished service at server 'pepe'.

--- [CLOCK: 69] ---
  DEPARTURE: Customer 32 finished service at server 'sabo'.

--- [CLOCK: 70] ---
  ARRIVAL:   Customer 34 arrived at t=70.

--- [CLOCK: 71] ---
  (No events scheduled, queue is empty.)

--- [CLOCK: 72] ---
  DEPARTURE: Customer 34 finished service at server 'pepe'.
  ARRIVAL:   Customer 35 arrived at t=72.

--- [CLOCK: 73] ---
  (No events scheduled, queue is empty.)

--- [CLOCK: 74] ---
  DEPARTURE: Customer 35 finished service at server 'pepe'.
  ARRIVAL:   Customer 36 arrived at t=74.

--- [CLOCK: 75] ---
  ARRIVAL:   Customer 37 arrived at t=75.

--- [CLOCK: 76] ---
  DEPARTURE: Customer 36 finished service at server 'pepe'.
  ARRIVAL:   Customer 38 arrived at t=76.

--- [CLOCK: 77] ---
  ARRIVAL:   Customer 39 arrived at t=77.

--- [CLOCK: 78] ---

--- [CLOCK: 79] ---
  DEPARTURE: Customer 38 finished service at server 'pepe'.
  DEPARTURE: Customer 37 finished service at server 'sabo'.
  QUEUE->SERVER: Customer 39 (waited 2 min) assigned to (Best fit) server 'pepe'. Service time: 2 min. (Finishes at t=81)

--- [CLOCK: 80] ---
  ARRIVAL:   Customer 40 arrived at t=80.

--- [CLOCK: 81] ---
  DEPARTURE: Customer 39 finished service at server 'pepe'.

--- [CLOCK: 82] ---
  ARRIVAL:   Customer 41 arrived at t=82.

--- [CLOCK: 83] ---
  (No events scheduled, queue is empty.)

--- [CLOCK: 84] ---
  DEPARTURE: Customer 41 finished service at server 'pepe'.

--- [CLOCK: 85] ---
  DEPARTURE: Customer 40 finished service at server 'sabo'.
  ARRIVAL:   Customer 42 arrived at t=85.

--- [CLOCK: 86] ---
  ARRIVAL:   Customer 43 arrived at t=86.

--- [CLOCK: 87] ---
  (No events scheduled, queue is empty.)

--- [CLOCK: 88] ---
  DEPARTURE: Customer 42 finished service at server 'pepe'.
  ARRIVAL:   Customer 44 arrived at t=88.

--- [CLOCK: 89] ---
  ARRIVAL:   Customer 45 arrived at t=89.

--- [CLOCK: 90] ---
  DEPARTURE: Customer 44 finished service at server 'pepe'.
  QUEUE->SERVER: Customer 45 (waited 1 min) assigned to (Best fit) server 'pepe'. Service time: 5 min. (Finishes at t=95)

--- [CLOCK: 91] ---
  DEPARTURE: Customer 43 finished service at server 'sabo'.

--- [CLOCK: 92] ---
  ARRIVAL:   Customer 46 arrived at t=92.

--- [CLOCK: 93] ---
  (No events scheduled, queue is empty.)

--- [CLOCK: 94] ---
  ARRIVAL:   Customer 47 arrived at t=94.

--- [CLOCK: 95] ---
  DEPARTURE: Customer 46 finished service at server 'sabo'.
  DEPARTURE: Customer 45 finished service at server 'pepe'.
  QUEUE->SERVER: Customer 47 (waited 1 min) assigned to (Best fit) server 'sabo'. Service time: 4 min. (Finishes at t=99)
  ARRIVAL:   Customer 48 arrived at t=95.

--- [CLOCK: 96] ---
  (No events scheduled, queue is empty.)

--- [CLOCK: 97] ---
  ARRIVAL:   Customer 49 arrived at t=97.

--- [CLOCK: 98] ---
  DEPARTURE: Customer 48 finished service at server 'pepe'.
  QUEUE->SERVER: Customer 49 (waited 1 min) assigned to (Best fit) server 'pepe'. Service time: 2 min. (Finishes at t=100)
  ARRIVAL:   Customer 50 arrived at t=98.

--- [CLOCK: 99] ---
  DEPARTURE: Customer 47 finished service at server 'sabo'.
  QUEUE->SERVER: Customer 50 (waited 1 min) assigned to (Best fit) server 'sabo'. Service time: 2 min. (Finishes at t=101)

--- [CLOCK: 100] ---
  DEPARTURE: Customer 49 finished service at server 'pepe'.

--- [CLOCK: 101] ---
  DEPARTURE: Customer 50 finished service at server 'sabo'.
  ARRIVAL:   Customer 51 arrived at t=101.

--- [CLOCK: 102] ---
  (No events scheduled, queue is empty.)

--- [CLOCK: 103] ---
  ARRIVAL:   Customer 52 arrived at t=103.

--- [CLOCK: 104] ---
  DEPARTURE: Customer 51 finished service at server 'pepe'.

--- [CLOCK: 105] ---
  DEPARTURE: Customer 52 finished service at server 'sabo'.
  ARRIVAL:   Customer 53 arrived at t=105.

--- [CLOCK: 106] ---
  (No events scheduled, queue is empty.)

--- [CLOCK: 107] ---
  (No events scheduled, queue is empty.)

--- [CLOCK: 108] ---
  DEPARTURE: Customer 53 finished service at server 'pepe'.

--- [CLOCK: 109] ---
  ARRIVAL:   Customer 54 arrived at t=109.

--- [CLOCK: 110] ---
  (No events scheduled, queue is empty.)

--- [CLOCK: 111] ---
  (No events scheduled, queue is empty.)

--- [CLOCK: 112] ---
  DEPARTURE: Customer 54 finished service at server 'pepe'.
  ARRIVAL:   Customer 55 arrived at t=112.

--- [CLOCK: 113] ---
  (No events scheduled, queue is empty.)

--- [CLOCK: 114] ---
  ARRIVAL:   Customer 56 arrived at t=114.

--- [CLOCK: 115] ---
  DEPARTURE: Customer 55 finished service at server 'pepe'.

--- [CLOCK: 116] ---
  ARRIVAL:   Customer 57 arrived at t=116.

--- [CLOCK: 117] ---
  DEPARTURE: Customer 56 finished service at server 'sabo'.

--- [CLOCK: 118] ---
  DEPARTURE: Customer 57 finished service at server 'pepe'.
  ARRIVAL:   Customer 58 arrived at t=118.

--- [CLOCK: 119] ---
  (No events scheduled, queue is empty.)

--- [CLOCK: 120] ---
  (No events scheduled, queue is empty.)

--- [CLOCK: 121] ---
  DEPARTURE: Customer 58 finished service at server 'pepe'.

--- [CLOCK: 122] ---
  ARRIVAL:   Customer 59 arrived at t=122.

--- [CLOCK: 123] ---
  (No events scheduled, queue is empty.)

--- [CLOCK: 124] ---
  DEPARTURE: Customer 59 finished service at server 'pepe'.

--- [CLOCK: 125] ---
  ARRIVAL:   Customer 60 arrived at t=125.

--- [CLOCK: 126] ---
  (No events scheduled, queue is empty.)

--- [CLOCK: 127] ---
  (No events scheduled, queue is empty.)

--- [CLOCK: 128] ---
  DEPARTURE: Customer 60 finished service at server 'sabo'.
  ARRIVAL:   Customer 61 arrived at t=128.

--- [CLOCK: 129] ---
  (No events scheduled, queue is empty.)

--- [CLOCK: 130] ---
  ARRIVAL:   Customer 62 arrived at t=130.

--- [CLOCK: 131] ---
  DEPARTURE: Customer 61 finished service at server 'pepe'.

--- [CLOCK: 132] ---
  ARRIVAL:   Customer 63 arrived at t=132.

--- [CLOCK: 133] ---
  DEPARTURE: Customer 62 finished service at server 'sabo'.

--- [CLOCK: 134] ---
  (No events scheduled, queue is empty.)

--- [CLOCK: 135] ---
  DEPARTURE: Customer 63 finished service at server 'pepe'.

--- [CLOCK: 136] ---
  ARRIVAL:   Customer 64 arrived at t=136.

--- [CLOCK: 137] ---
  (No events scheduled, queue is empty.)

--- [CLOCK: 138] ---
  ARRIVAL:   Customer 65 arrived at t=138.

--- [CLOCK: 139] ---
  DEPARTURE: Customer 64 finished service at server 'sabo'.
  ARRIVAL:   Customer 66 arrived at t=139.

--- [CLOCK: 140] ---
  ARRIVAL:   Customer 67 arrived at t=140.

--- [CLOCK: 141] ---
  ARRIVAL:   Customer 68 arrived at t=141.

--- [CLOCK: 142] ---
  DEPARTURE: Customer 65 finished service at server 'pepe'.
  QUEUE->SERVER: Customer 67 (waited 2 min) assigned to (Best fit) server 'pepe'. Service time: 3 min. (Finishes at t=145)
  ARRIVAL:   Customer 69 arrived at t=142.

--- [CLOCK: 143] ---
  DEPARTURE: Customer 66 finished service at server 'sabo'.
  QUEUE->SERVER: Customer 68 (waited 2 min) assigned to (Best fit) server 'sabo'. Service time: 4 min. (Finishes at t=147)

--- [CLOCK: 144] ---
  ARRIVAL:   Customer 70 arrived at t=144.

--- [CLOCK: 145] ---
  DEPARTURE: Customer 67 finished service at server 'pepe'.
  QUEUE->SERVER: Customer 69 (waited 3 min) assigned to (Best fit) server 'pepe'. Service time: 4 min. (Finishes at t=149)

--- [CLOCK: 146] ---
  ARRIVAL:   Customer 71 arrived at t=146.

--- [CLOCK: 147] ---
  DEPARTURE: Customer 68 finished service at server 'sabo'.
  QUEUE->SERVER: Customer 70 (waited 3 min) assigned to (Best fit) server 'sabo'. Service time: 3 min. (Finishes at t=150)
  ARRIVAL:   Customer 72 arrived at t=147.

--- [CLOCK: 148] ---
  ARRIVAL:   Customer 73 arrived at t=148.

--- [CLOCK: 149] ---
  DEPARTURE: Customer 69 finished service at server 'pepe'.
  QUEUE->SERVER: Customer 71 (waited 3 min) assigned to (Best fit) server 'pepe'. Service time: 2 min. (Finishes at t=151)
  ARRIVAL:   Customer 74 arrived at t=149.

--- [CLOCK: 150] ---
  DEPARTURE: Customer 70 finished service at server 'sabo'.
  QUEUE->SERVER: Customer 72 (waited 3 min) assigned to (Best fit) server 'sabo'. Service time: 3 min. (Finishes at t=153)

--- [CLOCK: 151] ---
  DEPARTURE: Customer 71 finished service at server 'pepe'.
  QUEUE->SERVER: Customer 73 (waited 3 min) assigned to (Best fit) server 'pepe'. Service time: 4 min. (Finishes at t=155)

--- [CLOCK: 152] ---
  ARRIVAL:   Customer 75 arrived at t=152.

--- [CLOCK: 153] ---
  DEPARTURE: Customer 72 finished service at server 'sabo'.
  QUEUE->SERVER: Customer 74 (waited 4 min) assigned to (Best fit) server 'sabo'. Service time: 2 min. (Finishes at t=155)

--- [CLOCK: 154] ---

--- [CLOCK: 155] ---
  DEPARTURE: Customer 74 finished service at server 'sabo'.
  DEPARTURE: Customer 73 finished service at server 'pepe'.
  QUEUE->SERVER: Customer 75 (waited 3 min) assigned to (Best fit) server 'pepe'. Service time: 2 min. (Finishes at t=157)
  ARRIVAL:   Customer 76 arrived at t=155.

--- [CLOCK: 156] ---
  (No events scheduled, queue is empty.)

--- [CLOCK: 157] ---
  DEPARTURE: Customer 75 finished service at server 'pepe'.
  ARRIVAL:   Customer 77 arrived at t=157.

--- [CLOCK: 158] ---
  (No events scheduled, queue is empty.)

--- [CLOCK: 159] ---
  DEPARTURE: Customer 76 finished service at server 'sabo'.

--- [CLOCK: 160] ---
  DEPARTURE: Customer 77 finished service at server 'pepe'.

--- [CLOCK: 161] ---
  ARRIVAL:   Customer 78 arrived at t=161.

--- [CLOCK: 162] ---
  (No events scheduled, queue is empty.)

--- [CLOCK: 163] ---
  DEPARTURE: Customer 78 finished service at server 'sabo'.

--- [CLOCK: 164] ---
  ARRIVAL:   Customer 79 arrived at t=164.

--- [CLOCK: 165] ---
  (No events scheduled, queue is empty.)

--- [CLOCK: 166] ---
  (No events scheduled, queue is empty.)

--- [CLOCK: 167] ---
  DEPARTURE: Customer 79 finished service at server 'sabo'.

--- [CLOCK: 168] ---
  ARRIVAL:   Customer 80 arrived at t=168.

--- [CLOCK: 169] ---
  (No events scheduled, queue is empty.)

--- [CLOCK: 170] ---
  DEPARTURE: Customer 80 finished service at server 'sabo'.

--- [CLOCK: 171] ---
  ARRIVAL:   Customer 81 arrived at t=171.

--- [CLOCK: 172] ---
  (No events scheduled, queue is empty.)

--- [CLOCK: 173] ---
  ARRIVAL:   Customer 82 arrived at t=173.

--- [CLOCK: 174] ---
  ARRIVAL:   Customer 83 arrived at t=174.

--- [CLOCK: 175] ---
  DEPARTURE: Customer 82 finished service at server 'sabo'.
  DEPARTURE: Customer 81 finished service at server 'pepe'.
  QUEUE->SERVER: Customer 83 (waited 1 min) assigned to (Best fit) server 'pepe'. Service time: 3 min. (Finishes at t=178)

--- [CLOCK: 176] ---
  ARRIVAL:   Customer 84 arrived at t=176.

--- [CLOCK: 177] ---
  (No events scheduled, queue is empty.)

--- [CLOCK: 178] ---
  DEPARTURE: Customer 83 finished service at server 'pepe'.

--- [CLOCK: 179] ---
  DEPARTURE: Customer 84 finished service at server 'sabo'.
  ARRIVAL:   Customer 85 arrived at t=179.

--- [CLOCK: 180] ---
  (No events scheduled, queue is empty.)

--- [CLOCK: 181] ---
  DEPARTURE: Customer 85 finished service at server 'pepe'.

--- [CLOCK: 182] ---
  ARRIVAL:   Customer 86 arrived at t=182.

--- [CLOCK: 183] ---
  (No events scheduled, queue is empty.)

--- [CLOCK: 184] ---
  DEPARTURE: Customer 86 finished service at server 'pepe'.
  ARRIVAL:   Customer 87 arrived at t=184.

--- [CLOCK: 185] ---
  ARRIVAL:   Customer 88 arrived at t=185.

--- [CLOCK: 186] ---
  DEPARTURE: Customer 87 finished service at server 'sabo'.

--- [CLOCK: 187] ---
  ARRIVAL:   Customer 89 arrived at t=187.

--- [CLOCK: 188] ---
  DEPARTURE: Customer 88 finished service at server 'pepe'.

--- [CLOCK: 189] ---
  ARRIVAL:   Customer 90 arrived at t=189.

--- [CLOCK: 190] ---
  (No events scheduled, queue is empty.)

--- [CLOCK: 191] ---
  DEPARTURE: Customer 89 finished service at server 'sabo'.

--- [CLOCK: 192] ---
  (No events scheduled, queue is empty.)

--- [CLOCK: 193] ---
  ARRIVAL:   Customer 91 arrived at t=193.

--- [CLOCK: 194] ---
  DEPARTURE: Customer 90 finished service at server 'pepe'.

--- [CLOCK: 195] ---
  (No events scheduled, queue is empty.)

--- [CLOCK: 196] ---
  DEPARTURE: Customer 91 finished service at server 'sabo'.
  ARRIVAL:   Customer 92 arrived at t=196.

--- [CLOCK: 197] ---
  (No events scheduled, queue is empty.)

--- [CLOCK: 198] ---
  DEPARTURE: Customer 92 finished service at server 'sabo'.

--- [CLOCK: 199] ---
  ARRIVAL:   Customer 93 arrived at t=199.

--- [CLOCK: 200] ---
  ARRIVAL:   Customer 94 arrived at t=200.

--- [CLOCK: 201] ---
  ARRIVAL:   Customer 95 arrived at t=201.

--- [CLOCK: 202] ---
  DEPARTURE: Customer 94 finished service at server 'pepe'.
  DEPARTURE: Customer 93 finished service at server 'sabo'.
  QUEUE->SERVER: Customer 95 (waited 1 min) assigned to (Best fit) server 'pepe'. Service time: 2 min. (Finishes at t=204)
  ARRIVAL:   Customer 96 arrived at t=202.

--- [CLOCK: 203] ---
  (No events scheduled, queue is empty.)

--- [CLOCK: 204] ---
  DEPARTURE: Customer 95 finished service at server 'pepe'.

--- [CLOCK: 205] ---
  ARRIVAL:   Customer 97 arrived at t=205.

--- [CLOCK: 206] ---
  DEPARTURE: Customer 96 finished service at server 'sabo'.
  ARRIVAL:   Customer 98 arrived at t=206.

--- [CLOCK: 207] ---
  (No events scheduled, queue is empty.)

--- [CLOCK: 208] ---
  ARRIVAL:   Customer 99 arrived at t=208.

--- [CLOCK: 209] ---
  DEPARTURE: Customer 97 finished service at server 'pepe'.
  QUEUE->SERVER: Customer 99 (waited 1 min) assigned to (Best fit) server 'pepe'. Service time: 3 min. (Finishes at t=212)
  ARRIVAL:   Customer 100 arrived at t=209.

--- [CLOCK: 210] ---

--- [CLOCK: 211] ---
  DEPARTURE: Customer 98 finished service at server 'sabo'.
  QUEUE->SERVER: Customer 100 (waited 2 min) assigned to (Best fit) server 'sabo'. Service time: 4 min. (Finishes at t=215)

--- [CLOCK: 212] ---
  DEPARTURE: Customer 99 finished service at server 'pepe'.

--- [CLOCK: 213] ---
  (No events scheduled, queue is empty.)

--- [CLOCK: 214] ---
  (No events scheduled, queue is empty.)

--- [CLOCK: 215] ---
  DEPARTURE: Customer 100 finished service at server 'sabo'.

--- SIMULATION END ---
Simulation finished at clock: 215

=============================================
--- SIMULATION STATISTICS & KPIs ---
=============================================

--- General Statistics ---
  Total simulation time:     215 minutes
  Total customers processed: 100
  Customers who waited:      22
  Maximum queue length:      3 customers

--- Wait Time KPIs ---
  Total wait time:           42.00 minutes
  Avg. wait time (all cst):  0.42 minutes
  Avg. wait time (waiting cst):1.91 minutes

--- Server Utilization ---
  Server [pepe    ]: Busy for  163 min. (Utilization: 75.81%)
  Server [sabo    ]: Busy for  143 min. (Utilization: 66.51%)

=============================================
