Multi-Server Queue Simulation - CMPE 412

Customer size: 100

Generated Arrival Times (t=0):
Cst 1   t=   0 | Cst 2   t=   1 | Cst 3   t=   5 | Cst 4   t=   8 | Cst 5   t=  10 | Cst 6   t=  11 | Cst 7   t=  14 | Cst 8   t=  16
Cst 9   t=  17 | Cst 10  t=  21 | Cst 11  t=  22 | Cst 12  t=  26 | Cst 13  t=  32 | Cst 14  t=  33 | Cst 15  t=  39 | Cst 16  t=  42
Cst 17  t=  45 | Cst 18  t=  46 | Cst 19  t=  47 | Cst 20  t=  50 | Cst 21  t=  52 | Cst 22  t=  53 | Cst 23  t=  59 | Cst 24  t=  61
Cst 25  t=  62 | Cst 26  t=  65 | Cst 27  t=  67 | Cst 28  t=  73 | Cst 29  t=  76 | Cst 30  t=  81 | Cst 31  t=  85 | Cst 32  t=  88
Cst 33  t=  89 | Cst 34  t=  95 | Cst 35  t=  98 | Cst 36  t= 100 | Cst 37  t= 101 | Cst 38  t= 103 | Cst 39  t= 105 | Cst 40  t= 109
Cst 41  t= 112 | Cst 42  t= 117 | Cst 43  t= 118 | Cst 44  t= 120 | Cst 45  t= 121 | Cst 46  t= 125 | Cst 47  t= 127 | Cst 48  t= 129
Cst 49  t= 132 | Cst 50  t= 133 | Cst 51  t= 138 | Cst 52  t= 140 | Cst 53  t= 142 | Cst 54  t= 148 | Cst 55  t= 152 | Cst 56  t= 154
Cst 57  t= 157 | Cst 58  t= 160 | Cst 59  t= 166 | Cst 60  t= 171 | Cst 61  t= 175 | Cst 62  t= 178 | Cst 63  t= 181 | Cst 64  t= 187
Cst 65  t= 190 | Cst 66  t= 192 | Cst 67  t= 194 | Cst 68  t= 195 | Cst 69  t= 196 | Cst 70  t= 198 | Cst 71  t= 200 | Cst 72  t= 202
Cst 73  t= 203 | Cst 74  t= 204 | Cst 75  t= 208 | Cst 76  t= 212 | Cst 77  t= 215 | Cst 78  t= 221 | Cst 79  t= 225 | Cst 80  t= 231
Cst 81  t= 236 | Cst 82  t= 238 | Cst 83  t= 239 | Cst 84  t= 241 | Cst 85  t= 245 | Cst 86  t= 249 | Cst 87  t= 252 | Cst 88  t= 254
Cst 89  t= 257 | Cst 90  t= 259 | Cst 91  t= 265 | Cst 92  t= 270 | Cst 93  t= 274 | Cst 94  t= 276 | Cst 95  t= 278 | Cst 96  t= 279
Cst 97  t= 283 | Cst 98  t= 284 | Cst 99  t= 286 | Cst 100 t= 288

Service Times for Each Server

Server: sabo
---------------------------
Cst 1   s= 7 | Cst 2   s= 7 | Cst 3   s= 6 | Cst 4   s= 6 | Cst 5   s= 6 | Cst 6   s= 5 | Cst 7   s= 7 | Cst 8   s= 7
Cst 9   s= 5 | Cst 10  s= 5 | Cst 11  s= 5 | Cst 12  s= 5 | Cst 13  s= 7 | Cst 14  s= 4 | Cst 15  s= 4 | Cst 16  s= 5
Cst 17  s= 4 | Cst 18  s= 5 | Cst 19  s= 6 | Cst 20  s= 6 | Cst 21  s= 5 | Cst 22  s= 5 | Cst 23  s= 5 | Cst 24  s= 6
Cst 25  s= 5 | Cst 26  s= 6 | Cst 27  s= 7 | Cst 28  s= 5 | Cst 29  s= 7 | Cst 30  s= 5 | Cst 31  s= 5 | Cst 32  s= 6
Cst 33  s= 6 | Cst 34  s= 7 | Cst 35  s= 5 | Cst 36  s= 5 | Cst 37  s= 6 | Cst 38  s= 6 | Cst 39  s= 4 | Cst 40  s= 7
Cst 41  s= 5 | Cst 42  s= 5 | Cst 43  s= 7 | Cst 44  s= 6 | Cst 45  s= 7 | Cst 46  s= 5 | Cst 47  s= 6 | Cst 48  s= 6
Cst 49  s= 7 | Cst 50  s= 4 | Cst 51  s= 5 | Cst 52  s= 4 | Cst 53  s= 5 | Cst 54  s= 5 | Cst 55  s= 5 | Cst 56  s= 5
Cst 57  s= 6 | Cst 58  s= 7 | Cst 59  s= 4 | Cst 60  s= 5 | Cst 61  s= 6 | Cst 62  s= 5 | Cst 63  s= 5 | Cst 64  s= 5
Cst 65  s= 5 | Cst 66  s= 6 | Cst 67  s= 4 | Cst 68  s= 6 | Cst 69  s= 6 | Cst 70  s= 5 | Cst 71  s= 5 | Cst 72  s= 5
Cst 73  s= 6 | Cst 74  s= 4 | Cst 75  s= 4 | Cst 76  s= 6 | Cst 77  s= 4 | Cst 78  s= 4 | Cst 79  s= 5 | Cst 80  s= 4
Cst 81  s= 7 | Cst 82  s= 4 | Cst 83  s= 6 | Cst 84  s= 5 | Cst 85  s= 6 | Cst 86  s= 5 | Cst 87  s= 4 | Cst 88  s= 7
Cst 89  s= 6 | Cst 90  s= 7 | Cst 91  s= 5 | Cst 92  s= 4 | Cst 93  s= 5 | Cst 94  s= 5 | Cst 95  s= 5 | Cst 96  s= 6
Cst 97  s= 5 | Cst 98  s= 7 | Cst 99  s= 5 | Cst 100 s= 6

Server: pepe
---------------------------
Cst 1   s= 6 | Cst 2   s= 5 | Cst 3   s= 5 | Cst 4   s= 5 | Cst 5   s= 4 | Cst 6   s= 5 | Cst 7   s= 5 | Cst 8   s= 4
Cst 9   s= 7 | Cst 10  s= 5 | Cst 11  s= 5 | Cst 12  s= 6 | Cst 13  s= 5 | Cst 14  s= 4 | Cst 15  s= 4 | Cst 16  s= 5
Cst 17  s= 4 | Cst 18  s= 5 | Cst 19  s= 6 | Cst 20  s= 5 | Cst 21  s= 4 | Cst 22  s= 5 | Cst 23  s= 7 | Cst 24  s= 4
Cst 25  s= 5 | Cst 26  s= 4 | Cst 27  s= 5 | Cst 28  s= 5 | Cst 29  s= 4 | Cst 30  s= 5 | Cst 31  s= 5 | Cst 32  s= 5
Cst 33  s= 4 | Cst 34  s= 4 | Cst 35  s= 4 | Cst 36  s= 4 | Cst 37  s= 5 | Cst 38  s= 5 | Cst 39  s= 4 | Cst 40  s= 4
Cst 41  s= 4 | Cst 42  s= 5 | Cst 43  s= 6 | Cst 44  s= 4 | Cst 45  s= 7 | Cst 46  s= 4 | Cst 47  s= 7 | Cst 48  s= 5
Cst 49  s= 4 | Cst 50  s= 5 | Cst 51  s= 5 | Cst 52  s= 5 | Cst 53  s= 5 | Cst 54  s= 5 | Cst 55  s= 5 | Cst 56  s= 5
Cst 57  s= 4 | Cst 58  s= 5 | Cst 59  s= 4 | Cst 60  s= 6 | Cst 61  s= 5 | Cst 62  s= 7 | Cst 63  s= 5 | Cst 64  s= 6
Cst 65  s= 6 | Cst 66  s= 4 | Cst 67  s= 5 | Cst 68  s= 5 | Cst 69  s= 6 | Cst 70  s= 5 | Cst 71  s= 4 | Cst 72  s= 6
Cst 73  s= 6 | Cst 74  s= 5 | Cst 75  s= 4 | Cst 76  s= 7 | Cst 77  s= 5 | Cst 78  s= 5 | Cst 79  s= 6 | Cst 80  s= 5
Cst 81  s= 6 | Cst 82  s= 4 | Cst 83  s= 5 | Cst 84  s= 5 | Cst 85  s= 4 | Cst 86  s= 4 | Cst 87  s= 7 | Cst 88  s= 5
Cst 89  s= 4 | Cst 90  s= 7 | Cst 91  s= 7 | Cst 92  s= 5 | Cst 93  s= 6 | Cst 94  s= 4 | Cst 95  s= 4 | Cst 96  s= 6
Cst 97  s= 6 | Cst 98  s= 6 | Cst 99  s= 5 | Cst 100 s= 6



--- SIMULATION STARTING ---
  [SETUP] FEL initialized with 100 ARRIVAL events.
  [SETUP] All 2 servers initialized as IDLE.

--- [CLOCK: 0] ---
  ARRIVAL:   Customer 1 arrived at t=0.

--- [CLOCK: 1] ---
  ARRIVAL:   Customer 2 arrived at t=1.

--- [CLOCK: 2] ---
  (No events scheduled, queue is empty.)

--- [CLOCK: 3] ---
  (No events scheduled, queue is empty.)

--- [CLOCK: 4] ---
  (No events scheduled, queue is empty.)

--- [CLOCK: 5] ---
  ARRIVAL:   Customer 3 arrived at t=5.

--- [CLOCK: 6] ---
  DEPARTURE: Customer 1 finished service at server 'pepe'.
  QUEUE->SERVER: Customer 3 (waited 1 min) assigned to (Best fit) server 'pepe'. Service time: 5 min. (Finishes at t=11)

--- [CLOCK: 7] ---
  (No events scheduled, queue is empty.)

--- [CLOCK: 8] ---
  DEPARTURE: Customer 2 finished service at server 'sabo'.
  ARRIVAL:   Customer 4 arrived at t=8.

--- [CLOCK: 9] ---
  (No events scheduled, queue is empty.)

--- [CLOCK: 10] ---
  ARRIVAL:   Customer 5 arrived at t=10.

--- [CLOCK: 11] ---
  DEPARTURE: Customer 3 finished service at server 'pepe'.
  QUEUE->SERVER: Customer 5 (waited 1 min) assigned to (Best fit) server 'pepe'. Service time: 4 min. (Finishes at t=15)
  ARRIVAL:   Customer 6 arrived at t=11.

--- [CLOCK: 12] ---

--- [CLOCK: 13] ---

--- [CLOCK: 14] ---
  DEPARTURE: Customer 4 finished service at server 'sabo'.
  QUEUE->SERVER: Customer 6 (waited 3 min) assigned to (Best fit) server 'sabo'. Service time: 5 min. (Finishes at t=19)
  ARRIVAL:   Customer 7 arrived at t=14.

--- [CLOCK: 15] ---
  DEPARTURE: Customer 5 finished service at server 'pepe'.
  QUEUE->SERVER: Customer 7 (waited 1 min) assigned to (Best fit) server 'pepe'. Service time: 5 min. (Finishes at t=20)

--- [CLOCK: 16] ---
  ARRIVAL:   Customer 8 arrived at t=16.

--- [CLOCK: 17] ---
  ARRIVAL:   Customer 9 arrived at t=17.

--- [CLOCK: 18] ---

--- [CLOCK: 19] ---
  DEPARTURE: Customer 6 finished service at server 'sabo'.
  QUEUE->SERVER: Customer 8 (waited 3 min) assigned to (Best fit) server 'sabo'. Service time: 7 min. (Finishes at t=26)

--- [CLOCK: 20] ---
  DEPARTURE: Customer 7 finished service at server 'pepe'.
  QUEUE->SERVER: Customer 9 (waited 3 min) assigned to (Best fit) server 'pepe'. Service time: 7 min. (Finishes at t=27)

--- [CLOCK: 21] ---
  ARRIVAL:   Customer 10 arrived at t=21.

--- [CLOCK: 22] ---
  ARRIVAL:   Customer 11 arrived at t=22.

--- [CLOCK: 23] ---

--- [CLOCK: 24] ---

--- [CLOCK: 25] ---

--- [CLOCK: 26] ---
  DEPARTURE: Customer 8 finished service at server 'sabo'.
  QUEUE->SERVER: Customer 10 (waited 5 min) assigned to (Best fit) server 'sabo'. Service time: 5 min. (Finishes at t=31)
  ARRIVAL:   Customer 12 arrived at t=26.

--- [CLOCK: 27] ---
  DEPARTURE: Customer 9 finished service at server 'pepe'.
  QUEUE->SERVER: Customer 11 (waited 5 min) assigned to (Best fit) server 'pepe'. Service time: 5 min. (Finishes at t=32)

--- [CLOCK: 28] ---

--- [CLOCK: 29] ---

--- [CLOCK: 30] ---

--- [CLOCK: 31] ---
  DEPARTURE: Customer 10 finished service at server 'sabo'.
  QUEUE->SERVER: Customer 12 (waited 5 min) assigned to (Best fit) server 'sabo'. Service time: 5 min. (Finishes at t=36)

--- [CLOCK: 32] ---
  DEPARTURE: Customer 11 finished service at server 'pepe'.
  ARRIVAL:   Customer 13 arrived at t=32.

--- [CLOCK: 33] ---
  ARRIVAL:   Customer 14 arrived at t=33.

--- [CLOCK: 34] ---

--- [CLOCK: 35] ---

--- [CLOCK: 36] ---
  DEPARTURE: Customer 12 finished service at server 'sabo'.
  QUEUE->SERVER: Customer 14 (waited 3 min) assigned to (Best fit) server 'sabo'. Service time: 4 min. (Finishes at t=40)

--- [CLOCK: 37] ---
  DEPARTURE: Customer 13 finished service at server 'pepe'.

--- [CLOCK: 38] ---
  (No events scheduled, queue is empty.)

--- [CLOCK: 39] ---
  ARRIVAL:   Customer 15 arrived at t=39.

--- [CLOCK: 40] ---
  DEPARTURE: Customer 14 finished service at server 'sabo'.

--- [CLOCK: 41] ---
  (No events scheduled, queue is empty.)

--- [CLOCK: 42] ---
  ARRIVAL:   Customer 16 arrived at t=42.

--- [CLOCK: 43] ---
  DEPARTURE: Customer 15 finished service at server 'pepe'.

--- [CLOCK: 44] ---
  (No events scheduled, queue is empty.)

--- [CLOCK: 45] ---
  ARRIVAL:   Customer 17 arrived at t=45.

--- [CLOCK: 46] ---
  ARRIVAL:   Customer 18 arrived at t=46.

--- [CLOCK: 47] ---
  DEPARTURE: Customer 16 finished service at server 'sabo'.
  QUEUE->SERVER: Customer 18 (waited 1 min) assigned to (Best fit) server 'sabo'. Service time: 5 min. (Finishes at t=52)
  ARRIVAL:   Customer 19 arrived at t=47.

--- [CLOCK: 48] ---

--- [CLOCK: 49] ---
  DEPARTURE: Customer 17 finished service at server 'pepe'.
  QUEUE->SERVER: Customer 19 (waited 2 min) assigned to (Best fit) server 'pepe'. Service time: 6 min. (Finishes at t=55)

--- [CLOCK: 50] ---
  ARRIVAL:   Customer 20 arrived at t=50.

--- [CLOCK: 51] ---

--- [CLOCK: 52] ---
  DEPARTURE: Customer 18 finished service at server 'sabo'.
  QUEUE->SERVER: Customer 20 (waited 2 min) assigned to (Best fit) server 'sabo'. Service time: 6 min. (Finishes at t=58)
  ARRIVAL:   Customer 21 arrived at t=52.

--- [CLOCK: 53] ---
  ARRIVAL:   Customer 22 arrived at t=53.

--- [CLOCK: 54] ---

--- [CLOCK: 55] ---
  DEPARTURE: Customer 19 finished service at server 'pepe'.
  QUEUE->SERVER: Customer 21 (waited 3 min) assigned to (Best fit) server 'pepe'. Service time: 4 min. (Finishes at t=59)

--- [CLOCK: 56] ---

--- [CLOCK: 57] ---

--- [CLOCK: 58] ---
  DEPARTURE: Customer 20 finished service at server 'sabo'.
  QUEUE->SERVER: Customer 22 (waited 5 min) assigned to (Best fit) server 'sabo'. Service time: 5 min. (Finishes at t=63)

--- [CLOCK: 59] ---
  DEPARTURE: Customer 21 finished service at server 'pepe'.
  ARRIVAL:   Customer 23 arrived at t=59.

--- [CLOCK: 60] ---
  (No events scheduled, queue is empty.)

--- [CLOCK: 61] ---
  ARRIVAL:   Customer 24 arrived at t=61.

--- [CLOCK: 62] ---
  ARRIVAL:   Customer 25 arrived at t=62.

--- [CLOCK: 63] ---
  DEPARTURE: Customer 22 finished service at server 'sabo'.
  QUEUE->SERVER: Customer 24 (waited 2 min) assigned to (Best fit) server 'sabo'. Service time: 6 min. (Finishes at t=69)

--- [CLOCK: 64] ---

--- [CLOCK: 65] ---
  ARRIVAL:   Customer 26 arrived at t=65.

--- [CLOCK: 66] ---
  DEPARTURE: Customer 23 finished service at server 'pepe'.
  QUEUE->SERVER: Customer 25 (waited 4 min) assigned to (Best fit) server 'pepe'. Service time: 5 min. (Finishes at t=71)

--- [CLOCK: 67] ---
  ARRIVAL:   Customer 27 arrived at t=67.

--- [CLOCK: 68] ---

--- [CLOCK: 69] ---
  DEPARTURE: Customer 24 finished service at server 'sabo'.
  QUEUE->SERVER: Customer 26 (waited 4 min) assigned to (Best fit) server 'sabo'. Service time: 6 min. (Finishes at t=75)

--- [CLOCK: 70] ---

--- [CLOCK: 71] ---
  DEPARTURE: Customer 25 finished service at server 'pepe'.
  QUEUE->SERVER: Customer 27 (waited 4 min) assigned to (Best fit) server 'pepe'. Service time: 5 min. (Finishes at t=76)

--- [CLOCK: 72] ---
  (No events scheduled, queue is empty.)

--- [CLOCK: 73] ---
  ARRIVAL:   Customer 28 arrived at t=73.

--- [CLOCK: 74] ---

--- [CLOCK: 75] ---
  DEPARTURE: Customer 26 finished service at server 'sabo'.
  QUEUE->SERVER: Customer 28 (waited 2 min) assigned to (Best fit) server 'sabo'. Service time: 5 min. (Finishes at t=80)

--- [CLOCK: 76] ---
  DEPARTURE: Customer 27 finished service at server 'pepe'.
  ARRIVAL:   Customer 29 arrived at t=76.

--- [CLOCK: 77] ---
  (No events scheduled, queue is empty.)

--- [CLOCK: 78] ---
  (No events scheduled, queue is empty.)

--- [CLOCK: 79] ---
  (No events scheduled, queue is empty.)

--- [CLOCK: 80] ---
  DEPARTURE: Customer 29 finished service at server 'pepe'.
  DEPARTURE: Customer 28 finished service at server 'sabo'.

--- [CLOCK: 81] ---
  ARRIVAL:   Customer 30 arrived at t=81.

--- [CLOCK: 82] ---
  (No events scheduled, queue is empty.)

--- [CLOCK: 83] ---
  (No events scheduled, queue is empty.)

--- [CLOCK: 84] ---
  (No events scheduled, queue is empty.)

--- [CLOCK: 85] ---
  ARRIVAL:   Customer 31 arrived at t=85.

--- [CLOCK: 86] ---
  DEPARTURE: Customer 30 finished service at server 'pepe'.

--- [CLOCK: 87] ---
  (No events scheduled, queue is empty.)

--- [CLOCK: 88] ---
  ARRIVAL:   Customer 32 arrived at t=88.

--- [CLOCK: 89] ---
  ARRIVAL:   Customer 33 arrived at t=89.

--- [CLOCK: 90] ---
  DEPARTURE: Customer 31 finished service at server 'sabo'.
  QUEUE->SERVER: Customer 33 (waited 1 min) assigned to (Best fit) server 'sabo'. Service time: 6 min. (Finishes at t=96)

--- [CLOCK: 91] ---
  (No events scheduled, queue is empty.)

--- [CLOCK: 92] ---
  (No events scheduled, queue is empty.)

--- [CLOCK: 93] ---
  DEPARTURE: Customer 32 finished service at server 'pepe'.

--- [CLOCK: 94] ---
  (No events scheduled, queue is empty.)

--- [CLOCK: 95] ---
  ARRIVAL:   Customer 34 arrived at t=95.

--- [CLOCK: 96] ---
  DEPARTURE: Customer 33 finished service at server 'sabo'.

--- [CLOCK: 97] ---
  (No events scheduled, queue is empty.)

--- [CLOCK: 98] ---
  ARRIVAL:   Customer 35 arrived at t=98.

--- [CLOCK: 99] ---
  DEPARTURE: Customer 34 finished service at server 'pepe'.

--- [CLOCK: 100] ---
  ARRIVAL:   Customer 36 arrived at t=100.

--- [CLOCK: 101] ---
  ARRIVAL:   Customer 37 arrived at t=101.

--- [CLOCK: 102] ---

--- [CLOCK: 103] ---
  DEPARTURE: Customer 35 finished service at server 'sabo'.
  QUEUE->SERVER: Customer 37 (waited 2 min) assigned to (Best fit) server 'sabo'. Service time: 6 min. (Finishes at t=109)
  ARRIVAL:   Customer 38 arrived at t=103.

--- [CLOCK: 104] ---
  DEPARTURE: Customer 36 finished service at server 'pepe'.
  QUEUE->SERVER: Customer 38 (waited 1 min) assigned to (Best fit) server 'pepe'. Service time: 5 min. (Finishes at t=109)

--- [CLOCK: 105] ---
  ARRIVAL:   Customer 39 arrived at t=105.

--- [CLOCK: 106] ---

--- [CLOCK: 107] ---

--- [CLOCK: 108] ---

--- [CLOCK: 109] ---
  DEPARTURE: Customer 38 finished service at server 'pepe'.
  DEPARTURE: Customer 37 finished service at server 'sabo'.
  QUEUE->SERVER: Customer 39 (waited 4 min) assigned to (Best fit) server 'pepe'. Service time: 4 min. (Finishes at t=113)
  ARRIVAL:   Customer 40 arrived at t=109.

--- [CLOCK: 110] ---
  (No events scheduled, queue is empty.)

--- [CLOCK: 111] ---
  (No events scheduled, queue is empty.)

--- [CLOCK: 112] ---
  ARRIVAL:   Customer 41 arrived at t=112.

--- [CLOCK: 113] ---
  DEPARTURE: Customer 39 finished service at server 'pepe'.
  QUEUE->SERVER: Customer 41 (waited 1 min) assigned to (Best fit) server 'pepe'. Service time: 4 min. (Finishes at t=117)

--- [CLOCK: 114] ---
  (No events scheduled, queue is empty.)

--- [CLOCK: 115] ---
  (No events scheduled, queue is empty.)

--- [CLOCK: 116] ---
  DEPARTURE: Customer 40 finished service at server 'sabo'.

--- [CLOCK: 117] ---
  DEPARTURE: Customer 41 finished service at server 'pepe'.
  ARRIVAL:   Customer 42 arrived at t=117.

--- [CLOCK: 118] ---
  ARRIVAL:   Customer 43 arrived at t=118.

--- [CLOCK: 119] ---
  (No events scheduled, queue is empty.)

--- [CLOCK: 120] ---
  ARRIVAL:   Customer 44 arrived at t=120.

--- [CLOCK: 121] ---
  ARRIVAL:   Customer 45 arrived at t=121.

--- [CLOCK: 122] ---
  DEPARTURE: Customer 42 finished service at server 'pepe'.
  QUEUE->SERVER: Customer 44 (waited 2 min) assigned to (Best fit) server 'pepe'. Service time: 4 min. (Finishes at t=126)

--- [CLOCK: 123] ---

--- [CLOCK: 124] ---

--- [CLOCK: 125] ---
  DEPARTURE: Customer 43 finished service at server 'sabo'.
  QUEUE->SERVER: Customer 45 (waited 4 min) assigned to (Best fit) server 'sabo'. Service time: 7 min. (Finishes at t=132)
  ARRIVAL:   Customer 46 arrived at t=125.

--- [CLOCK: 126] ---
  DEPARTURE: Customer 44 finished service at server 'pepe'.
  QUEUE->SERVER: Customer 46 (waited 1 min) assigned to (Best fit) server 'pepe'. Service time: 4 min. (Finishes at t=130)

--- [CLOCK: 127] ---
  ARRIVAL:   Customer 47 arrived at t=127.

--- [CLOCK: 128] ---

--- [CLOCK: 129] ---
  ARRIVAL:   Customer 48 arrived at t=129.

--- [CLOCK: 130] ---
  DEPARTURE: Customer 46 finished service at server 'pepe'.
  QUEUE->SERVER: Customer 47 (waited 3 min) assigned to (Best fit) server 'pepe'. Service time: 7 min. (Finishes at t=137)

--- [CLOCK: 131] ---

--- [CLOCK: 132] ---
  DEPARTURE: Customer 45 finished service at server 'sabo'.
  QUEUE->SERVER: Customer 48 (waited 3 min) assigned to (Best fit) server 'sabo'. Service time: 6 min. (Finishes at t=138)
  ARRIVAL:   Customer 49 arrived at t=132.

--- [CLOCK: 133] ---
  ARRIVAL:   Customer 50 arrived at t=133.

--- [CLOCK: 134] ---

--- [CLOCK: 135] ---

--- [CLOCK: 136] ---

--- [CLOCK: 137] ---
  DEPARTURE: Customer 47 finished service at server 'pepe'.
  QUEUE->SERVER: Customer 49 (waited 5 min) assigned to (Best fit) server 'pepe'. Service time: 4 min. (Finishes at t=141)

--- [CLOCK: 138] ---
  DEPARTURE: Customer 48 finished service at server 'sabo'.
  QUEUE->SERVER: Customer 50 (waited 5 min) assigned to (Best fit) server 'sabo'. Service time: 4 min. (Finishes at t=142)
  ARRIVAL:   Customer 51 arrived at t=138.

--- [CLOCK: 139] ---

--- [CLOCK: 140] ---
  ARRIVAL:   Customer 52 arrived at t=140.

--- [CLOCK: 141] ---
  DEPARTURE: Customer 49 finished service at server 'pepe'.
  QUEUE->SERVER: Customer 51 (waited 3 min) assigned to (Best fit) server 'pepe'. Service time: 5 min. (Finishes at t=146)

--- [CLOCK: 142] ---
  DEPARTURE: Customer 50 finished service at server 'sabo'.
  QUEUE->SERVER: Customer 52 (waited 2 min) assigned to (Best fit) server 'sabo'. Service time: 4 min. (Finishes at t=146)
  ARRIVAL:   Customer 53 arrived at t=142.

--- [CLOCK: 143] ---

--- [CLOCK: 144] ---

--- [CLOCK: 145] ---

--- [CLOCK: 146] ---
  DEPARTURE: Customer 52 finished service at server 'sabo'.
  DEPARTURE: Customer 51 finished service at server 'pepe'.
  QUEUE->SERVER: Customer 53 (waited 4 min) assigned to (Best fit) server 'pepe'. Service time: 5 min. (Finishes at t=151)

--- [CLOCK: 147] ---
  (No events scheduled, queue is empty.)

--- [CLOCK: 148] ---
  ARRIVAL:   Customer 54 arrived at t=148.

--- [CLOCK: 149] ---
  (No events scheduled, queue is empty.)

--- [CLOCK: 150] ---
  (No events scheduled, queue is empty.)

--- [CLOCK: 151] ---
  DEPARTURE: Customer 53 finished service at server 'pepe'.

--- [CLOCK: 152] ---
  ARRIVAL:   Customer 55 arrived at t=152.

--- [CLOCK: 153] ---
  DEPARTURE: Customer 54 finished service at server 'sabo'.

--- [CLOCK: 154] ---
  ARRIVAL:   Customer 56 arrived at t=154.

--- [CLOCK: 155] ---
  (No events scheduled, queue is empty.)

--- [CLOCK: 156] ---
  (No events scheduled, queue is empty.)

--- [CLOCK: 157] ---
  DEPARTURE: Customer 55 finished service at server 'pepe'.
  ARRIVAL:   Customer 57 arrived at t=157.

--- [CLOCK: 158] ---
  (No events scheduled, queue is empty.)

--- [CLOCK: 159] ---
  DEPARTURE: Customer 56 finished service at server 'sabo'.

--- [CLOCK: 160] ---
  ARRIVAL:   Customer 58 arrived at t=160.

--- [CLOCK: 161] ---
  DEPARTURE: Customer 57 finished service at server 'pepe'.

--- [CLOCK: 162] ---
  (No events scheduled, queue is empty.)

--- [CLOCK: 163] ---
  (No events scheduled, queue is empty.)

--- [CLOCK: 164] ---
  (No events scheduled, queue is empty.)

--- [CLOCK: 165] ---
  (No events scheduled, queue is empty.)

--- [CLOCK: 166] ---
  ARRIVAL:   Customer 59 arrived at t=166.

--- [CLOCK: 167] ---
  DEPARTURE: Customer 58 finished service at server 'sabo'.

--- [CLOCK: 168] ---
  (No events scheduled, queue is empty.)

--- [CLOCK: 169] ---
  (No events scheduled, queue is empty.)

--- [CLOCK: 170] ---
  DEPARTURE: Customer 59 finished service at server 'pepe'.

--- [CLOCK: 171] ---
  ARRIVAL:   Customer 60 arrived at t=171.

--- [CLOCK: 172] ---
  (No events scheduled, queue is empty.)

--- [CLOCK: 173] ---
  (No events scheduled, queue is empty.)

--- [CLOCK: 174] ---
  (No events scheduled, queue is empty.)

--- [CLOCK: 175] ---
  ARRIVAL:   Customer 61 arrived at t=175.

--- [CLOCK: 176] ---
  DEPARTURE: Customer 60 finished service at server 'sabo'.

--- [CLOCK: 177] ---
  (No events scheduled, queue is empty.)

--- [CLOCK: 178] ---
  ARRIVAL:   Customer 62 arrived at t=178.

--- [CLOCK: 179] ---
  (No events scheduled, queue is empty.)

--- [CLOCK: 180] ---
  DEPARTURE: Customer 61 finished service at server 'pepe'.

--- [CLOCK: 181] ---
  ARRIVAL:   Customer 63 arrived at t=181.

--- [CLOCK: 182] ---
  (No events scheduled, queue is empty.)

--- [CLOCK: 183] ---
  DEPARTURE: Customer 62 finished service at server 'sabo'.

--- [CLOCK: 184] ---
  (No events scheduled, queue is empty.)

--- [CLOCK: 185] ---
  (No events scheduled, queue is empty.)

--- [CLOCK: 186] ---
  DEPARTURE: Customer 63 finished service at server 'pepe'.

--- [CLOCK: 187] ---
  ARRIVAL:   Customer 64 arrived at t=187.

--- [CLOCK: 188] ---
  (No events scheduled, queue is empty.)

--- [CLOCK: 189] ---
  (No events scheduled, queue is empty.)

--- [CLOCK: 190] ---
  ARRIVAL:   Customer 65 arrived at t=190.

--- [CLOCK: 191] ---
  (No events scheduled, queue is empty.)

--- [CLOCK: 192] ---
  DEPARTURE: Customer 64 finished service at server 'sabo'.
  ARRIVAL:   Customer 66 arrived at t=192.

--- [CLOCK: 193] ---
  (No events scheduled, queue is empty.)

--- [CLOCK: 194] ---
  ARRIVAL:   Customer 67 arrived at t=194.

--- [CLOCK: 195] ---
  ARRIVAL:   Customer 68 arrived at t=195.

--- [CLOCK: 196] ---
  DEPARTURE: Customer 65 finished service at server 'pepe'.
  QUEUE->SERVER: Customer 67 (waited 2 min) assigned to (Best fit) server 'pepe'. Service time: 5 min. (Finishes at t=201)
  ARRIVAL:   Customer 69 arrived at t=196.

--- [CLOCK: 197] ---

--- [CLOCK: 198] ---
  DEPARTURE: Customer 66 finished service at server 'sabo'.
  QUEUE->SERVER: Customer 68 (waited 3 min) assigned to (Best fit) server 'sabo'. Service time: 6 min. (Finishes at t=204)
  ARRIVAL:   Customer 70 arrived at t=198.

--- [CLOCK: 199] ---

--- [CLOCK: 200] ---
  ARRIVAL:   Customer 71 arrived at t=200.

--- [CLOCK: 201] ---
  DEPARTURE: Customer 67 finished service at server 'pepe'.
  QUEUE->SERVER: Customer 69 (waited 5 min) assigned to (Best fit) server 'pepe'. Service time: 6 min. (Finishes at t=207)

--- [CLOCK: 202] ---
  ARRIVAL:   Customer 72 arrived at t=202.

--- [CLOCK: 203] ---
  ARRIVAL:   Customer 73 arrived at t=203.

--- [CLOCK: 204] ---
  DEPARTURE: Customer 68 finished service at server 'sabo'.
  QUEUE->SERVER: Customer 70 (waited 6 min) assigned to (Best fit) server 'sabo'. Service time: 5 min. (Finishes at t=209)
  ARRIVAL:   Customer 74 arrived at t=204.

--- [CLOCK: 205] ---

--- [CLOCK: 206] ---

--- [CLOCK: 207] ---
  DEPARTURE: Customer 69 finished service at server 'pepe'.
  QUEUE->SERVER: Customer 71 (waited 7 min) assigned to (Best fit) server 'pepe'. Service time: 4 min. (Finishes at t=211)

--- [CLOCK: 208] ---
  ARRIVAL:   Customer 75 arrived at t=208.

--- [CLOCK: 209] ---
  DEPARTURE: Customer 70 finished service at server 'sabo'.
  QUEUE->SERVER: Customer 72 (waited 7 min) assigned to (Best fit) server 'sabo'. Service time: 5 min. (Finishes at t=214)

--- [CLOCK: 210] ---

--- [CLOCK: 211] ---
  DEPARTURE: Customer 71 finished service at server 'pepe'.
  QUEUE->SERVER: Customer 73 (waited 8 min) assigned to (Best fit) server 'pepe'. Service time: 6 min. (Finishes at t=217)

--- [CLOCK: 212] ---
  ARRIVAL:   Customer 76 arrived at t=212.

--- [CLOCK: 213] ---

--- [CLOCK: 214] ---
  DEPARTURE: Customer 72 finished service at server 'sabo'.
  QUEUE->SERVER: Customer 74 (waited 10 min) assigned to (Best fit) server 'sabo'. Service time: 4 min. (Finishes at t=218)

--- [CLOCK: 215] ---
  ARRIVAL:   Customer 77 arrived at t=215.

--- [CLOCK: 216] ---

--- [CLOCK: 217] ---
  DEPARTURE: Customer 73 finished service at server 'pepe'.
  QUEUE->SERVER: Customer 75 (waited 9 min) assigned to (Best fit) server 'pepe'. Service time: 4 min. (Finishes at t=221)

--- [CLOCK: 218] ---
  DEPARTURE: Customer 74 finished service at server 'sabo'.
  QUEUE->SERVER: Customer 76 (waited 6 min) assigned to (Best fit) server 'sabo'. Service time: 6 min. (Finishes at t=224)

--- [CLOCK: 219] ---

--- [CLOCK: 220] ---

--- [CLOCK: 221] ---
  DEPARTURE: Customer 75 finished service at server 'pepe'.
  QUEUE->SERVER: Customer 77 (waited 6 min) assigned to (Best fit) server 'pepe'. Service time: 5 min. (Finishes at t=226)
  ARRIVAL:   Customer 78 arrived at t=221.

--- [CLOCK: 222] ---

--- [CLOCK: 223] ---

--- [CLOCK: 224] ---
  DEPARTURE: Customer 76 finished service at server 'sabo'.
  QUEUE->SERVER: Customer 78 (waited 3 min) assigned to (Best fit) server 'sabo'. Service time: 4 min. (Finishes at t=228)

--- [CLOCK: 225] ---
  ARRIVAL:   Customer 79 arrived at t=225.

--- [CLOCK: 226] ---
  DEPARTURE: Customer 77 finished service at server 'pepe'.
  QUEUE->SERVER: Customer 79 (waited 1 min) assigned to (Best fit) server 'pepe'. Service time: 6 min. (Finishes at t=232)

--- [CLOCK: 227] ---
  (No events scheduled, queue is empty.)

--- [CLOCK: 228] ---
  DEPARTURE: Customer 78 finished service at server 'sabo'.

--- [CLOCK: 229] ---
  (No events scheduled, queue is empty.)

--- [CLOCK: 230] ---
  (No events scheduled, queue is empty.)

--- [CLOCK: 231] ---
  ARRIVAL:   Customer 80 arrived at t=231.

--- [CLOCK: 232] ---
  DEPARTURE: Customer 79 finished service at server 'pepe'.

--- [CLOCK: 233] ---
  (No events scheduled, queue is empty.)

--- [CLOCK: 234] ---
  (No events scheduled, queue is empty.)

--- [CLOCK: 235] ---
  DEPARTURE: Customer 80 finished service at server 'sabo'.

--- [CLOCK: 236] ---
  ARRIVAL:   Customer 81 arrived at t=236.

--- [CLOCK: 237] ---
  (No events scheduled, queue is empty.)

--- [CLOCK: 238] ---
  ARRIVAL:   Customer 82 arrived at t=238.

--- [CLOCK: 239] ---
  ARRIVAL:   Customer 83 arrived at t=239.

--- [CLOCK: 240] ---

--- [CLOCK: 241] ---
  ARRIVAL:   Customer 84 arrived at t=241.

--- [CLOCK: 242] ---
  DEPARTURE: Customer 82 finished service at server 'sabo'.
  DEPARTURE: Customer 81 finished service at server 'pepe'.
  QUEUE->SERVER: Customer 83 (waited 3 min) assigned to (Best fit) server 'pepe'. Service time: 5 min. (Finishes at t=247)
  QUEUE->SERVER: Customer 84 (waited 1 min) assigned to (Best fit) server 'sabo'. Service time: 5 min. (Finishes at t=247)

--- [CLOCK: 243] ---
  (No events scheduled, queue is empty.)

--- [CLOCK: 244] ---
  (No events scheduled, queue is empty.)

--- [CLOCK: 245] ---
  ARRIVAL:   Customer 85 arrived at t=245.

--- [CLOCK: 246] ---

--- [CLOCK: 247] ---
  DEPARTURE: Customer 84 finished service at server 'sabo'.
  DEPARTURE: Customer 83 finished service at server 'pepe'.
  QUEUE->SERVER: Customer 85 (waited 2 min) assigned to (Best fit) server 'pepe'. Service time: 4 min. (Finishes at t=251)

--- [CLOCK: 248] ---
  (No events scheduled, queue is empty.)

--- [CLOCK: 249] ---
  ARRIVAL:   Customer 86 arrived at t=249.

--- [CLOCK: 250] ---
  (No events scheduled, queue is empty.)

--- [CLOCK: 251] ---
  DEPARTURE: Customer 85 finished service at server 'pepe'.

--- [CLOCK: 252] ---
  ARRIVAL:   Customer 87 arrived at t=252.

--- [CLOCK: 253] ---
  (No events scheduled, queue is empty.)

--- [CLOCK: 254] ---
  DEPARTURE: Customer 86 finished service at server 'sabo'.
  ARRIVAL:   Customer 88 arrived at t=254.

--- [CLOCK: 255] ---
  (No events scheduled, queue is empty.)

--- [CLOCK: 256] ---
  (No events scheduled, queue is empty.)

--- [CLOCK: 257] ---
  ARRIVAL:   Customer 89 arrived at t=257.

--- [CLOCK: 258] ---

--- [CLOCK: 259] ---
  DEPARTURE: Customer 87 finished service at server 'pepe'.
  QUEUE->SERVER: Customer 89 (waited 2 min) assigned to (Best fit) server 'pepe'. Service time: 4 min. (Finishes at t=263)
  ARRIVAL:   Customer 90 arrived at t=259.

--- [CLOCK: 260] ---

--- [CLOCK: 261] ---
  DEPARTURE: Customer 88 finished service at server 'sabo'.
  QUEUE->SERVER: Customer 90 (waited 2 min) assigned to (Best fit) server 'sabo'. Service time: 7 min. (Finishes at t=268)

--- [CLOCK: 262] ---
  (No events scheduled, queue is empty.)

--- [CLOCK: 263] ---
  DEPARTURE: Customer 89 finished service at server 'pepe'.

--- [CLOCK: 264] ---
  (No events scheduled, queue is empty.)

--- [CLOCK: 265] ---
  ARRIVAL:   Customer 91 arrived at t=265.

--- [CLOCK: 266] ---
  (No events scheduled, queue is empty.)

--- [CLOCK: 267] ---
  (No events scheduled, queue is empty.)

--- [CLOCK: 268] ---
  DEPARTURE: Customer 90 finished service at server 'sabo'.

--- [CLOCK: 269] ---
  (No events scheduled, queue is empty.)

--- [CLOCK: 270] ---
  ARRIVAL:   Customer 92 arrived at t=270.

--- [CLOCK: 271] ---
  (No events scheduled, queue is empty.)

--- [CLOCK: 272] ---
  DEPARTURE: Customer 91 finished service at server 'pepe'.

--- [CLOCK: 273] ---
  (No events scheduled, queue is empty.)

--- [CLOCK: 274] ---
  DEPARTURE: Customer 92 finished service at server 'sabo'.
  ARRIVAL:   Customer 93 arrived at t=274.

--- [CLOCK: 275] ---
  (No events scheduled, queue is empty.)

--- [CLOCK: 276] ---
  ARRIVAL:   Customer 94 arrived at t=276.

--- [CLOCK: 277] ---
  (No events scheduled, queue is empty.)

--- [CLOCK: 278] ---
  ARRIVAL:   Customer 95 arrived at t=278.

--- [CLOCK: 279] ---
  DEPARTURE: Customer 93 finished service at server 'sabo'.
  QUEUE->SERVER: Customer 95 (waited 1 min) assigned to (Best fit) server 'sabo'. Service time: 5 min. (Finishes at t=284)
  ARRIVAL:   Customer 96 arrived at t=279.

--- [CLOCK: 280] ---
  DEPARTURE: Customer 94 finished service at server 'pepe'.
  QUEUE->SERVER: Customer 96 (waited 1 min) assigned to (Best fit) server 'pepe'. Service time: 6 min. (Finishes at t=286)

--- [CLOCK: 281] ---
  (No events scheduled, queue is empty.)

--- [CLOCK: 282] ---
  (No events scheduled, queue is empty.)

--- [CLOCK: 283] ---
  ARRIVAL:   Customer 97 arrived at t=283.

--- [CLOCK: 284] ---
  DEPARTURE: Customer 95 finished service at server 'sabo'.
  QUEUE->SERVER: Customer 97 (waited 1 min) assigned to (Best fit) server 'sabo'. Service time: 5 min. (Finishes at t=289)
  ARRIVAL:   Customer 98 arrived at t=284.

--- [CLOCK: 285] ---

--- [CLOCK: 286] ---
  DEPARTURE: Customer 96 finished service at server 'pepe'.
  QUEUE->SERVER: Customer 98 (waited 2 min) assigned to (Best fit) server 'pepe'. Service time: 6 min. (Finishes at t=292)
  ARRIVAL:   Customer 99 arrived at t=286.

--- [CLOCK: 287] ---

--- [CLOCK: 288] ---
  ARRIVAL:   Customer 100 arrived at t=288.

--- [CLOCK: 289] ---
  DEPARTURE: Customer 97 finished service at server 'sabo'.
  QUEUE->SERVER: Customer 99 (waited 3 min) assigned to (Best fit) server 'sabo'. Service time: 5 min. (Finishes at t=294)

--- [CLOCK: 290] ---

--- [CLOCK: 291] ---

--- [CLOCK: 292] ---
  DEPARTURE: Customer 98 finished service at server 'pepe'.
  QUEUE->SERVER: Customer 100 (waited 4 min) assigned to (Best fit) server 'pepe'. Service time: 6 min. (Finishes at t=298)

--- [CLOCK: 293] ---
  (No events scheduled, queue is empty.)

--- [CLOCK: 294] ---
  DEPARTURE: Customer 99 finished service at server 'sabo'.

--- [CLOCK: 295] ---
  (No events scheduled, queue is empty.)

--- [CLOCK: 296] ---
  (No events scheduled, queue is empty.)

--- [CLOCK: 297] ---
  (No events scheduled, queue is empty.)

--- [CLOCK: 298] ---
  DEPARTURE: Customer 100 finished service at server 'pepe'.

--- SIMULATION END ---
Simulation finished at clock: 298

=============================================
--- SIMULATION STATISTICS & KPIs ---
=============================================

--- General Statistics ---
  Total simulation time:     298 minutes
  Total customers processed: 100
  Customers who waited:      59
  Maximum queue length:      4 customers

--- Wait Time KPIs ---
  Total wait time:           195.00 minutes
  Avg. wait time (all cst):  1.95 minutes
  Avg. wait time (waiting cst):3.31 minutes

--- Server Utilization ---
  Server [pepe    ]: Busy for  261 min. (Utilization: 87.58%)
  Server [sabo    ]: Busy for  258 min. (Utilization: 86.58%)

=============================================
